// Jest Snapshot v1, https://goo.gl/fbAQLP

exports[`apd summary component renders correctly 1`] = `
ShallowWrapper {
  Symbol(enzyme.__root__): [Circular],
  Symbol(enzyme.__unrendered__): <ApdSummary
    apd={
      Object {
        "narrativeHIE": "about hie",
        "narrativeHIT": "about hit",
        "narrativeMMIS": "about mmis",
        "programOverview": "about the program",
        "yearOptions": Array [
          "1",
          "2",
          "3",
        ],
        "years": Array [
          "1",
          "2",
        ],
      }
    }
    updateApd={[Function]}
  />,
  Symbol(enzyme.__renderer__): Object {
    "batchedUpdates": [Function],
    "checkPropTypes": [Function],
    "getNode": [Function],
    "render": [Function],
    "simulateError": [Function],
    "simulateEvent": [Function],
    "unmount": [Function],
  },
  Symbol(enzyme.__node__): Object {
    "instance": null,
    "key": undefined,
    "nodeType": "function",
    "props": Object {
      "children": <Subsection
        id="apd-summary-overview"
        nested={false}
        open={false}
        resource="apd.overview"
      >
        <div
          className="mb3"
        >
          <label
            className="mr1"
          >
            <input
              checked={true}
              onChange={[Function]}
              type="checkbox"
              value="1"
            />
            1
          </label>
          <label
            className="mr1"
          >
            <input
              checked={true}
              onChange={[Function]}
              type="checkbox"
              value="2"
            />
            2
          </label>
          <label
            className="mr1"
          >
            <input
              checked={false}
              onChange={[Function]}
              type="checkbox"
              value="3"
            />
            3
          </label>
        </div>
        <div
          className="mb3"
        >
          <Instruction
            args={null}
            reverse={false}
            source="apd.introduction.instruction"
          />
          <RichText
            content="about the program"
            editorClassName="rte-textarea-l"
            onSync={[Function]}
          />
        </div>
        <div
          className="mb3"
        >
          <Instruction
            args={null}
            reverse={false}
            source="apd.hit.instruction"
          />
          <RichText
            content="about hit"
            editorClassName="rte-textarea-l"
            onSync={[Function]}
          />
        </div>
        <div
          className="mb3"
        >
          <Instruction
            args={null}
            reverse={false}
            source="apd.hie.instruction"
          />
          <RichText
            content="about hie"
            editorClassName="rte-textarea-l"
            onSync={[Function]}
          />
        </div>
        <div>
          <Instruction
            args={null}
            reverse={false}
            source="apd.mmis.instruction"
          />
          <RichText
            content="about mmis"
            editorClassName="rte-textarea-l"
            onSync={[Function]}
          />
        </div>
      </Subsection>,
      "id": "apd-summary",
      "resource": "apd",
    },
    "ref": null,
    "rendered": Object {
      "instance": null,
      "key": undefined,
      "nodeType": "function",
      "props": Object {
        "children": Array [
          <div
            className="mb3"
          >
            <label
              className="mr1"
            >
              <input
                checked={true}
                onChange={[Function]}
                type="checkbox"
                value="1"
              />
              1
            </label>
            <label
              className="mr1"
            >
              <input
                checked={true}
                onChange={[Function]}
                type="checkbox"
                value="2"
              />
              2
            </label>
            <label
              className="mr1"
            >
              <input
                checked={false}
                onChange={[Function]}
                type="checkbox"
                value="3"
              />
              3
            </label>
          </div>,
          <div
            className="mb3"
          >
            <Instruction
              args={null}
              reverse={false}
              source="apd.introduction.instruction"
            />
            <RichText
              content="about the program"
              editorClassName="rte-textarea-l"
              onSync={[Function]}
            />
          </div>,
          <div
            className="mb3"
          >
            <Instruction
              args={null}
              reverse={false}
              source="apd.hit.instruction"
            />
            <RichText
              content="about hit"
              editorClassName="rte-textarea-l"
              onSync={[Function]}
            />
          </div>,
          <div
            className="mb3"
          >
            <Instruction
              args={null}
              reverse={false}
              source="apd.hie.instruction"
            />
            <RichText
              content="about hie"
              editorClassName="rte-textarea-l"
              onSync={[Function]}
            />
          </div>,
          <div>
            <Instruction
              args={null}
              reverse={false}
              source="apd.mmis.instruction"
            />
            <RichText
              content="about mmis"
              editorClassName="rte-textarea-l"
              onSync={[Function]}
            />
          </div>,
        ],
        "id": "apd-summary-overview",
        "nested": false,
        "open": false,
        "resource": "apd.overview",
      },
      "ref": null,
      "rendered": Array [
        Object {
          "instance": null,
          "key": undefined,
          "nodeType": "host",
          "props": Object {
            "children": Array [
              <label
                className="mr1"
              >
                <input
                  checked={true}
                  onChange={[Function]}
                  type="checkbox"
                  value="1"
                />
                1
              </label>,
              <label
                className="mr1"
              >
                <input
                  checked={true}
                  onChange={[Function]}
                  type="checkbox"
                  value="2"
                />
                2
              </label>,
              <label
                className="mr1"
              >
                <input
                  checked={false}
                  onChange={[Function]}
                  type="checkbox"
                  value="3"
                />
                3
              </label>,
            ],
            "className": "mb3",
          },
          "ref": null,
          "rendered": Array [
            Object {
              "instance": null,
              "key": "1",
              "nodeType": "host",
              "props": Object {
                "children": Array [
                  <input
                    checked={true}
                    onChange={[Function]}
                    type="checkbox"
                    value="1"
                  />,
                  "1",
                ],
                "className": "mr1",
              },
              "ref": null,
              "rendered": Array [
                Object {
                  "instance": null,
                  "key": undefined,
                  "nodeType": "host",
                  "props": Object {
                    "checked": true,
                    "onChange": [Function],
                    "type": "checkbox",
                    "value": "1",
                  },
                  "ref": null,
                  "rendered": null,
                  "type": "input",
                },
                "1",
              ],
              "type": "label",
            },
            Object {
              "instance": null,
              "key": "2",
              "nodeType": "host",
              "props": Object {
                "children": Array [
                  <input
                    checked={true}
                    onChange={[Function]}
                    type="checkbox"
                    value="2"
                  />,
                  "2",
                ],
                "className": "mr1",
              },
              "ref": null,
              "rendered": Array [
                Object {
                  "instance": null,
                  "key": undefined,
                  "nodeType": "host",
                  "props": Object {
                    "checked": true,
                    "onChange": [Function],
                    "type": "checkbox",
                    "value": "2",
                  },
                  "ref": null,
                  "rendered": null,
                  "type": "input",
                },
                "2",
              ],
              "type": "label",
            },
            Object {
              "instance": null,
              "key": "3",
              "nodeType": "host",
              "props": Object {
                "children": Array [
                  <input
                    checked={false}
                    onChange={[Function]}
                    type="checkbox"
                    value="3"
                  />,
                  "3",
                ],
                "className": "mr1",
              },
              "ref": null,
              "rendered": Array [
                Object {
                  "instance": null,
                  "key": undefined,
                  "nodeType": "host",
                  "props": Object {
                    "checked": false,
                    "onChange": [Function],
                    "type": "checkbox",
                    "value": "3",
                  },
                  "ref": null,
                  "rendered": null,
                  "type": "input",
                },
                "3",
              ],
              "type": "label",
            },
          ],
          "type": "div",
        },
        Object {
          "instance": null,
          "key": undefined,
          "nodeType": "host",
          "props": Object {
            "children": Array [
              <Instruction
                args={null}
                reverse={false}
                source="apd.introduction.instruction"
              />,
              <RichText
                content="about the program"
                editorClassName="rte-textarea-l"
                onSync={[Function]}
              />,
            ],
            "className": "mb3",
          },
          "ref": null,
          "rendered": Array [
            Object {
              "instance": null,
              "key": undefined,
              "nodeType": "function",
              "props": Object {
                "args": null,
                "reverse": false,
                "source": "apd.introduction.instruction",
              },
              "ref": null,
              "rendered": null,
              "type": [Function],
            },
            Object {
              "instance": null,
              "key": undefined,
              "nodeType": "class",
              "props": Object {
                "content": "about the program",
                "editorClassName": "rte-textarea-l",
                "onSync": [Function],
              },
              "ref": null,
              "rendered": null,
              "type": [Function],
            },
          ],
          "type": "div",
        },
        Object {
          "instance": null,
          "key": undefined,
          "nodeType": "host",
          "props": Object {
            "children": Array [
              <Instruction
                args={null}
                reverse={false}
                source="apd.hit.instruction"
              />,
              <RichText
                content="about hit"
                editorClassName="rte-textarea-l"
                onSync={[Function]}
              />,
            ],
            "className": "mb3",
          },
          "ref": null,
          "rendered": Array [
            Object {
              "instance": null,
              "key": undefined,
              "nodeType": "function",
              "props": Object {
                "args": null,
                "reverse": false,
                "source": "apd.hit.instruction",
              },
              "ref": null,
              "rendered": null,
              "type": [Function],
            },
            Object {
              "instance": null,
              "key": undefined,
              "nodeType": "class",
              "props": Object {
                "content": "about hit",
                "editorClassName": "rte-textarea-l",
                "onSync": [Function],
              },
              "ref": null,
              "rendered": null,
              "type": [Function],
            },
          ],
          "type": "div",
        },
        Object {
          "instance": null,
          "key": undefined,
          "nodeType": "host",
          "props": Object {
            "children": Array [
              <Instruction
                args={null}
                reverse={false}
                source="apd.hie.instruction"
              />,
              <RichText
                content="about hie"
                editorClassName="rte-textarea-l"
                onSync={[Function]}
              />,
            ],
            "className": "mb3",
          },
          "ref": null,
          "rendered": Array [
            Object {
              "instance": null,
              "key": undefined,
              "nodeType": "function",
              "props": Object {
                "args": null,
                "reverse": false,
                "source": "apd.hie.instruction",
              },
              "ref": null,
              "rendered": null,
              "type": [Function],
            },
            Object {
              "instance": null,
              "key": undefined,
              "nodeType": "class",
              "props": Object {
                "content": "about hie",
                "editorClassName": "rte-textarea-l",
                "onSync": [Function],
              },
              "ref": null,
              "rendered": null,
              "type": [Function],
            },
          ],
          "type": "div",
        },
        Object {
          "instance": null,
          "key": undefined,
          "nodeType": "host",
          "props": Object {
            "children": Array [
              <Instruction
                args={null}
                reverse={false}
                source="apd.mmis.instruction"
              />,
              <RichText
                content="about mmis"
                editorClassName="rte-textarea-l"
                onSync={[Function]}
              />,
            ],
          },
          "ref": null,
          "rendered": Array [
            Object {
              "instance": null,
              "key": undefined,
              "nodeType": "function",
              "props": Object {
                "args": null,
                "reverse": false,
                "source": "apd.mmis.instruction",
              },
              "ref": null,
              "rendered": null,
              "type": [Function],
            },
            Object {
              "instance": null,
              "key": undefined,
              "nodeType": "class",
              "props": Object {
                "content": "about mmis",
                "editorClassName": "rte-textarea-l",
                "onSync": [Function],
              },
              "ref": null,
              "rendered": null,
              "type": [Function],
            },
          ],
          "type": "div",
        },
      ],
      "type": [Function],
    },
    "type": [Function],
  },
  Symbol(enzyme.__nodes__): Array [
    Object {
      "instance": null,
      "key": undefined,
      "nodeType": "function",
      "props": Object {
        "children": <Subsection
          id="apd-summary-overview"
          nested={false}
          open={false}
          resource="apd.overview"
        >
          <div
            className="mb3"
          >
            <label
              className="mr1"
            >
              <input
                checked={true}
                onChange={[Function]}
                type="checkbox"
                value="1"
              />
              1
            </label>
            <label
              className="mr1"
            >
              <input
                checked={true}
                onChange={[Function]}
                type="checkbox"
                value="2"
              />
              2
            </label>
            <label
              className="mr1"
            >
              <input
                checked={false}
                onChange={[Function]}
                type="checkbox"
                value="3"
              />
              3
            </label>
          </div>
          <div
            className="mb3"
          >
            <Instruction
              args={null}
              reverse={false}
              source="apd.introduction.instruction"
            />
            <RichText
              content="about the program"
              editorClassName="rte-textarea-l"
              onSync={[Function]}
            />
          </div>
          <div
            className="mb3"
          >
            <Instruction
              args={null}
              reverse={false}
              source="apd.hit.instruction"
            />
            <RichText
              content="about hit"
              editorClassName="rte-textarea-l"
              onSync={[Function]}
            />
          </div>
          <div
            className="mb3"
          >
            <Instruction
              args={null}
              reverse={false}
              source="apd.hie.instruction"
            />
            <RichText
              content="about hie"
              editorClassName="rte-textarea-l"
              onSync={[Function]}
            />
          </div>
          <div>
            <Instruction
              args={null}
              reverse={false}
              source="apd.mmis.instruction"
            />
            <RichText
              content="about mmis"
              editorClassName="rte-textarea-l"
              onSync={[Function]}
            />
          </div>
        </Subsection>,
        "id": "apd-summary",
        "resource": "apd",
      },
      "ref": null,
      "rendered": Object {
        "instance": null,
        "key": undefined,
        "nodeType": "function",
        "props": Object {
          "children": Array [
            <div
              className="mb3"
            >
              <label
                className="mr1"
              >
                <input
                  checked={true}
                  onChange={[Function]}
                  type="checkbox"
                  value="1"
                />
                1
              </label>
              <label
                className="mr1"
              >
                <input
                  checked={true}
                  onChange={[Function]}
                  type="checkbox"
                  value="2"
                />
                2
              </label>
              <label
                className="mr1"
              >
                <input
                  checked={false}
                  onChange={[Function]}
                  type="checkbox"
                  value="3"
                />
                3
              </label>
            </div>,
            <div
              className="mb3"
            >
              <Instruction
                args={null}
                reverse={false}
                source="apd.introduction.instruction"
              />
              <RichText
                content="about the program"
                editorClassName="rte-textarea-l"
                onSync={[Function]}
              />
            </div>,
            <div
              className="mb3"
            >
              <Instruction
                args={null}
                reverse={false}
                source="apd.hit.instruction"
              />
              <RichText
                content="about hit"
                editorClassName="rte-textarea-l"
                onSync={[Function]}
              />
            </div>,
            <div
              className="mb3"
            >
              <Instruction
                args={null}
                reverse={false}
                source="apd.hie.instruction"
              />
              <RichText
                content="about hie"
                editorClassName="rte-textarea-l"
                onSync={[Function]}
              />
            </div>,
            <div>
              <Instruction
                args={null}
                reverse={false}
                source="apd.mmis.instruction"
              />
              <RichText
                content="about mmis"
                editorClassName="rte-textarea-l"
                onSync={[Function]}
              />
            </div>,
          ],
          "id": "apd-summary-overview",
          "nested": false,
          "open": false,
          "resource": "apd.overview",
        },
        "ref": null,
        "rendered": Array [
          Object {
            "instance": null,
            "key": undefined,
            "nodeType": "host",
            "props": Object {
              "children": Array [
                <label
                  className="mr1"
                >
                  <input
                    checked={true}
                    onChange={[Function]}
                    type="checkbox"
                    value="1"
                  />
                  1
                </label>,
                <label
                  className="mr1"
                >
                  <input
                    checked={true}
                    onChange={[Function]}
                    type="checkbox"
                    value="2"
                  />
                  2
                </label>,
                <label
                  className="mr1"
                >
                  <input
                    checked={false}
                    onChange={[Function]}
                    type="checkbox"
                    value="3"
                  />
                  3
                </label>,
              ],
              "className": "mb3",
            },
            "ref": null,
            "rendered": Array [
              Object {
                "instance": null,
                "key": "1",
                "nodeType": "host",
                "props": Object {
                  "children": Array [
                    <input
                      checked={true}
                      onChange={[Function]}
                      type="checkbox"
                      value="1"
                    />,
                    "1",
                  ],
                  "className": "mr1",
                },
                "ref": null,
                "rendered": Array [
                  Object {
                    "instance": null,
                    "key": undefined,
                    "nodeType": "host",
                    "props": Object {
                      "checked": true,
                      "onChange": [Function],
                      "type": "checkbox",
                      "value": "1",
                    },
                    "ref": null,
                    "rendered": null,
                    "type": "input",
                  },
                  "1",
                ],
                "type": "label",
              },
              Object {
                "instance": null,
                "key": "2",
                "nodeType": "host",
                "props": Object {
                  "children": Array [
                    <input
                      checked={true}
                      onChange={[Function]}
                      type="checkbox"
                      value="2"
                    />,
                    "2",
                  ],
                  "className": "mr1",
                },
                "ref": null,
                "rendered": Array [
                  Object {
                    "instance": null,
                    "key": undefined,
                    "nodeType": "host",
                    "props": Object {
                      "checked": true,
                      "onChange": [Function],
                      "type": "checkbox",
                      "value": "2",
                    },
                    "ref": null,
                    "rendered": null,
                    "type": "input",
                  },
                  "2",
                ],
                "type": "label",
              },
              Object {
                "instance": null,
                "key": "3",
                "nodeType": "host",
                "props": Object {
                  "children": Array [
                    <input
                      checked={false}
                      onChange={[Function]}
                      type="checkbox"
                      value="3"
                    />,
                    "3",
                  ],
                  "className": "mr1",
                },
                "ref": null,
                "rendered": Array [
                  Object {
                    "instance": null,
                    "key": undefined,
                    "nodeType": "host",
                    "props": Object {
                      "checked": false,
                      "onChange": [Function],
                      "type": "checkbox",
                      "value": "3",
                    },
                    "ref": null,
                    "rendered": null,
                    "type": "input",
                  },
                  "3",
                ],
                "type": "label",
              },
            ],
            "type": "div",
          },
          Object {
            "instance": null,
            "key": undefined,
            "nodeType": "host",
            "props": Object {
              "children": Array [
                <Instruction
                  args={null}
                  reverse={false}
                  source="apd.introduction.instruction"
                />,
                <RichText
                  content="about the program"
                  editorClassName="rte-textarea-l"
                  onSync={[Function]}
                />,
              ],
              "className": "mb3",
            },
            "ref": null,
            "rendered": Array [
              Object {
                "instance": null,
                "key": undefined,
                "nodeType": "function",
                "props": Object {
                  "args": null,
                  "reverse": false,
                  "source": "apd.introduction.instruction",
                },
                "ref": null,
                "rendered": null,
                "type": [Function],
              },
              Object {
                "instance": null,
                "key": undefined,
                "nodeType": "class",
                "props": Object {
                  "content": "about the program",
                  "editorClassName": "rte-textarea-l",
                  "onSync": [Function],
                },
                "ref": null,
                "rendered": null,
                "type": [Function],
              },
            ],
            "type": "div",
          },
          Object {
            "instance": null,
            "key": undefined,
            "nodeType": "host",
            "props": Object {
              "children": Array [
                <Instruction
                  args={null}
                  reverse={false}
                  source="apd.hit.instruction"
                />,
                <RichText
                  content="about hit"
                  editorClassName="rte-textarea-l"
                  onSync={[Function]}
                />,
              ],
              "className": "mb3",
            },
            "ref": null,
            "rendered": Array [
              Object {
                "instance": null,
                "key": undefined,
                "nodeType": "function",
                "props": Object {
                  "args": null,
                  "reverse": false,
                  "source": "apd.hit.instruction",
                },
                "ref": null,
                "rendered": null,
                "type": [Function],
              },
              Object {
                "instance": null,
                "key": undefined,
                "nodeType": "class",
                "props": Object {
                  "content": "about hit",
                  "editorClassName": "rte-textarea-l",
                  "onSync": [Function],
                },
                "ref": null,
                "rendered": null,
                "type": [Function],
              },
            ],
            "type": "div",
          },
          Object {
            "instance": null,
            "key": undefined,
            "nodeType": "host",
            "props": Object {
              "children": Array [
                <Instruction
                  args={null}
                  reverse={false}
                  source="apd.hie.instruction"
                />,
                <RichText
                  content="about hie"
                  editorClassName="rte-textarea-l"
                  onSync={[Function]}
                />,
              ],
              "className": "mb3",
            },
            "ref": null,
            "rendered": Array [
              Object {
                "instance": null,
                "key": undefined,
                "nodeType": "function",
                "props": Object {
                  "args": null,
                  "reverse": false,
                  "source": "apd.hie.instruction",
                },
                "ref": null,
                "rendered": null,
                "type": [Function],
              },
              Object {
                "instance": null,
                "key": undefined,
                "nodeType": "class",
                "props": Object {
                  "content": "about hie",
                  "editorClassName": "rte-textarea-l",
                  "onSync": [Function],
                },
                "ref": null,
                "rendered": null,
                "type": [Function],
              },
            ],
            "type": "div",
          },
          Object {
            "instance": null,
            "key": undefined,
            "nodeType": "host",
            "props": Object {
              "children": Array [
                <Instruction
                  args={null}
                  reverse={false}
                  source="apd.mmis.instruction"
                />,
                <RichText
                  content="about mmis"
                  editorClassName="rte-textarea-l"
                  onSync={[Function]}
                />,
              ],
            },
            "ref": null,
            "rendered": Array [
              Object {
                "instance": null,
                "key": undefined,
                "nodeType": "function",
                "props": Object {
                  "args": null,
                  "reverse": false,
                  "source": "apd.mmis.instruction",
                },
                "ref": null,
                "rendered": null,
                "type": [Function],
              },
              Object {
                "instance": null,
                "key": undefined,
                "nodeType": "class",
                "props": Object {
                  "content": "about mmis",
                  "editorClassName": "rte-textarea-l",
                  "onSync": [Function],
                },
                "ref": null,
                "rendered": null,
                "type": [Function],
              },
            ],
            "type": "div",
          },
        ],
        "type": [Function],
      },
      "type": [Function],
    },
  ],
  Symbol(enzyme.__options__): Object {
    "adapter": ReactSixteenAdapter {
      "options": Object {
        "enableComponentDidUpdateOnSetState": true,
        "legacyContextMode": "parent",
        "lifecycles": Object {
          "componentDidUpdate": Object {
            "onSetState": true,
          },
          "getChildContext": Object {
            "calledByRenderer": false,
          },
          "getDerivedStateFromProps": true,
          "getSnapshotBeforeUpdate": true,
          "setState": Object {
            "skipsComponentDidUpdateOnNullish": true,
          },
        },
      },
    },
  },
}
`;
